> Task :app:preBuild UP-TO-DATE
> Task :kotlin_krx:checkKotlinGradlePluginConfigurationErrors SKIPPED
> Task :app:preDebugBuild UP-TO-DATE
> Task :app:checkKotlinGradlePluginConfigurationErrors SKIPPED
> Task :app:generateDebugBuildConfig UP-TO-DATE
> Task :kotlin_krx:compileKotlin UP-TO-DATE
> Task :kotlin_krx:compileJava NO-SOURCE
> Task :kotlin_krx:processResources NO-SOURCE
> Task :kotlin_krx:classes UP-TO-DATE
> Task :kotlin_krx:jar UP-TO-DATE
> Task :app:extractDebugPythonBuildPackages UP-TO-DATE
> Task :app:generateDebugPythonRequirements UP-TO-DATE
> Task :app:mergeDebugPythonSources UP-TO-DATE
> Task :app:generateDebugPythonProxies UP-TO-DATE
> Task :app:checkDebugAarMetadata UP-TO-DATE
> Task :app:processDebugNavigationResources UP-TO-DATE
> Task :app:compileDebugNavigationResources UP-TO-DATE
> Task :app:generateDebugResValues UP-TO-DATE
> Task :app:mapDebugSourceSetPaths UP-TO-DATE
> Task :app:generateDebugResources UP-TO-DATE
> Task :app:mergeDebugResources UP-TO-DATE
> Task :app:packageDebugResources UP-TO-DATE
> Task :app:parseDebugLocalResources UP-TO-DATE
> Task :app:createDebugCompatibleScreenManifests UP-TO-DATE
> Task :app:extractDeepLinksDebug UP-TO-DATE
> Task :app:processDebugMainManifest UP-TO-DATE
> Task :app:processDebugManifest UP-TO-DATE
> Task :app:processDebugManifestForPackage UP-TO-DATE
> Task :app:processDebugResources UP-TO-DATE
> Task :app:kspDebugKotlin UP-TO-DATE
> Task :app:compileDebugKotlin UP-TO-DATE
> Task :app:javaPreCompileDebug UP-TO-DATE
> Task :app:compileDebugJavaWithJavac UP-TO-DATE
> Task :app:transformDebugClassesWithAsm UP-TO-DATE
> Task :app:bundleDebugClassesToRuntimeJar UP-TO-DATE
> Task :app:preDebugUnitTestBuild UP-TO-DATE
> Task :app:processDebugJavaRes UP-TO-DATE
> Task :app:bundleDebugClassesToCompileJar UP-TO-DATE
> Task :app:javaPreCompileDebugUnitTest UP-TO-DATE
> Task :app:preReleaseBuild UP-TO-DATE
> Task :app:buildKotlinToolingMetadata UP-TO-DATE
> Task :app:generateReleaseBuildConfig UP-TO-DATE
> Task :app:extractReleasePythonBuildPackages UP-TO-DATE
> Task :app:generateReleasePythonRequirements UP-TO-DATE
> Task :app:mergeReleasePythonSources UP-TO-DATE
> Task :app:generateReleasePythonProxies UP-TO-DATE
> Task :app:checkReleaseAarMetadata UP-TO-DATE
> Task :app:processReleaseNavigationResources UP-TO-DATE
> Task :app:compileReleaseNavigationResources UP-TO-DATE
> Task :app:generateReleaseResValues UP-TO-DATE
> Task :app:mapReleaseSourceSetPaths UP-TO-DATE
> Task :app:generateReleaseResources UP-TO-DATE
> Task :app:mergeReleaseResources UP-TO-DATE
> Task :app:packageReleaseResources UP-TO-DATE
> Task :app:parseReleaseLocalResources UP-TO-DATE
> Task :app:createReleaseCompatibleScreenManifests UP-TO-DATE
> Task :app:extractDeepLinksRelease UP-TO-DATE
> Task :app:processReleaseMainManifest UP-TO-DATE
> Task :app:processReleaseManifest UP-TO-DATE
> Task :app:processReleaseManifestForPackage UP-TO-DATE
> Task :app:processReleaseResources UP-TO-DATE
> Task :app:kspReleaseKotlin UP-TO-DATE
> Task :app:kspDebugUnitTestKotlin
> Task :app:compileReleaseKotlin UP-TO-DATE
> Task :app:javaPreCompileRelease UP-TO-DATE

> Task :app:compileDebugUnitTestKotlin FAILED
e: file:///D:/android_2025/MarketMonitor_rev2/app/src/test/java/com/etfmonitor/core/analysis/CorrelationAnalyzerTest.kt:158:17 None of the following candidates is applicable:
fun assertTrue(message: String? = ..., block: () -> Boolean): Unit
    [R|Contract description]
     <
        CallsInPlace(block, EXACTLY_ONCE)
    >
fun assertTrue(actual: Boolean, message: String? = ...): Unit
    [R|Contract description]
     <
        Returns(WILDCARD) -> actual
    >
e: file:///D:/android_2025/MarketMonitor_rev2/app/src/test/java/com/etfmonitor/core/network/ai/ApiKeyProviderKisTest.kt:48:13 Cannot infer type for this parameter. Please specify it explicitly.
e: file:///D:/android_2025/MarketMonitor_rev2/app/src/test/java/com/etfmonitor/core/network/ai/ApiKeyProviderKisTest.kt:48:36 Unresolved reference 'getKisAppKey'.
e: file:///D:/android_2025/MarketMonitor_rev2/app/src/test/java/com/etfmonitor/core/network/ai/ApiKeyProviderKisTest.kt:51:28 Unresolved reference 'setKisAppKey'.
e: file:///D:/android_2025/MarketMonitor_rev2/app/src/test/java/com/etfmonitor/core/network/ai/ApiKeyProviderKisTest.kt:52:41 Unresolved reference 'getKisAppKey'.
e: file:///D:/android_2025/MarketMonitor_rev2/app/src/test/java/com/etfmonitor/core/network/ai/ApiKeyProviderKisTest.kt:56:37 Unresolved reference 'setKisAppKey'.
e: file:///D:/android_2025/MarketMonitor_rev2/app/src/test/java/com/etfmonitor/core/network/ai/ApiKeyProviderKisTest.kt:64:13 Cannot infer type for this parameter. Please specify it explicitly.
e: file:///D:/android_2025/MarketMonitor_rev2/app/src/test/java/com/etfmonitor/core/network/ai/ApiKeyProviderKisTest.kt:64:36 Unresolved reference 'getKisAppSecret'.
e: file:///D:/android_2025/MarketMonitor_rev2/app/src/test/java/com/etfmonitor/core/network/ai/ApiKeyProviderKisTest.kt:67:28 Unresolved reference 'setKisAppSecret'.
e: file:///D:/android_2025/MarketMonitor_rev2/app/src/test/java/com/etfmonitor/core/network/ai/ApiKeyProviderKisTest.kt:68:41 Unresolved reference 'getKisAppSecret'.
e: file:///D:/android_2025/MarketMonitor_rev2/app/src/test/java/com/etfmonitor/core/network/ai/ApiKeyProviderKisTest.kt:72:37 Unresolved reference 'setKisAppSecret'.
e: file:///D:/android_2025/MarketMonitor_rev2/app/src/test/java/com/etfmonitor/core/network/ai/ApiKeyProviderKisTest.kt:79:13 Cannot infer type for this parameter. Please specify it explicitly.
e: file:///D:/android_2025/MarketMonitor_rev2/app/src/test/java/com/etfmonitor/core/network/ai/ApiKeyProviderKisTest.kt:79:36 Unresolved reference 'getKisAppKey'.
e: file:///D:/android_2025/MarketMonitor_rev2/app/src/test/java/com/etfmonitor/core/network/ai/ApiKeyProviderKisTest.kt:82:41 Unresolved reference 'getKisAppKey'.
e: file:///D:/android_2025/MarketMonitor_rev2/app/src/test/java/com/etfmonitor/core/network/ai/ApiKeyProviderKisTest.kt:92:13 Cannot infer type for this parameter. Please specify it explicitly.
e: file:///D:/android_2025/MarketMonitor_rev2/app/src/test/java/com/etfmonitor/core/network/ai/ApiKeyProviderKisTest.kt:92:36 Unresolved reference 'getKisAppSecret'.
e: file:///D:/android_2025/MarketMonitor_rev2/app/src/test/java/com/etfmonitor/core/network/ai/ApiKeyProviderKisTest.kt:95:41 Unresolved reference 'getKisAppSecret'.
e: file:///D:/android_2025/MarketMonitor_rev2/app/src/test/java/com/etfmonitor/core/network/ai/ApiKeyProviderKisTest.kt:110:13 Cannot infer type for this parameter. Please specify it explicitly.
e: file:///D:/android_2025/MarketMonitor_rev2/app/src/test/java/com/etfmonitor/core/network/ai/ApiKeyProviderKisTest.kt:110:36 Unresolved reference 'getKisAppKey'.
e: file:///D:/android_2025/MarketMonitor_rev2/app/src/test/java/com/etfmonitor/core/network/ai/ApiKeyProviderKisTest.kt:111:13 Cannot infer type for this parameter. Please specify it explicitly.
e: file:///D:/android_2025/MarketMonitor_rev2/app/src/test/java/com/etfmonitor/core/network/ai/ApiKeyProviderKisTest.kt:111:36 Unresolved reference 'getKisAppSecret'.
e: file:///D:/android_2025/MarketMonitor_rev2/app/src/test/java/com/etfmonitor/core/network/ai/ApiKeyProviderKisTest.kt:112:13 Cannot infer type for this parameter. Please specify it explicitly.
e: file:///D:/android_2025/MarketMonitor_rev2/app/src/test/java/com/etfmonitor/core/network/ai/ApiKeyProviderKisTest.kt:112:36 Unresolved reference 'isKisApiConfigured'.
e: file:///D:/android_2025/MarketMonitor_rev2/app/src/test/java/com/etfmonitor/core/network/ai/ApiKeyProviderKisTest.kt:115:41 Unresolved reference 'isKisApiConfigured'.
e: file:///D:/android_2025/MarketMonitor_rev2/app/src/test/java/com/etfmonitor/core/network/ai/ApiKeyProviderKisTest.kt:125:13 Cannot infer type for this parameter. Please specify it explicitly.
e: file:///D:/android_2025/MarketMonitor_rev2/app/src/test/java/com/etfmonitor/core/network/ai/ApiKeyProviderKisTest.kt:125:36 Unresolved reference 'getKisAppKey'.
e: file:///D:/android_2025/MarketMonitor_rev2/app/src/test/java/com/etfmonitor/core/network/ai/ApiKeyProviderKisTest.kt:126:13 Cannot infer type for this parameter. Please specify it explicitly.
e: file:///D:/android_2025/MarketMonitor_rev2/app/src/test/java/com/etfmonitor/core/network/ai/ApiKeyProviderKisTest.kt:126:36 Unresolved reference 'getKisAppSecret'.
e: file:///D:/android_2025/MarketMonitor_rev2/app/src/test/java/com/etfmonitor/core/network/ai/ApiKeyProviderKisTest.kt:127:13 Cannot infer type for this parameter. Please specify it explicitly.
e: file:///D:/android_2025/MarketMonitor_rev2/app/src/test/java/com/etfmonitor/core/network/ai/ApiKeyProviderKisTest.kt:127:36 Unresolved reference 'isKisApiConfigured'.
e: file:///D:/android_2025/MarketMonitor_rev2/app/src/test/java/com/etfmonitor/core/network/ai/ApiKeyProviderKisTest.kt:130:41 Unresolved reference 'isKisApiConfigured'.
e: file:///D:/android_2025/MarketMonitor_rev2/app/src/test/java/com/etfmonitor/core/network/ai/ApiKeyProviderKisTest.kt:140:13 Cannot infer type for this parameter. Please specify it explicitly.
e: file:///D:/android_2025/MarketMonitor_rev2/app/src/test/java/com/etfmonitor/core/network/ai/ApiKeyProviderKisTest.kt:140:36 Unresolved reference 'getKisAppKey'.
e: file:///D:/android_2025/MarketMonitor_rev2/app/src/test/java/com/etfmonitor/core/network/ai/ApiKeyProviderKisTest.kt:141:13 Cannot infer type for this parameter. Please specify it explicitly.
e: file:///D:/android_2025/MarketMonitor_rev2/app/src/test/java/com/etfmonitor/core/network/ai/ApiKeyProviderKisTest.kt:141:36 Unresolved reference 'getKisAppSecret'.
e: file:///D:/android_2025/MarketMonitor_rev2/app/src/test/java/com/etfmonitor/core/network/ai/ApiKeyProviderKisTest.kt:142:13 Cannot infer type for this parameter. Please specify it explicitly.
e: file:///D:/android_2025/MarketMonitor_rev2/app/src/test/java/com/etfmonitor/core/network/ai/ApiKeyProviderKisTest.kt:142:36 Unresolved reference 'isKisApiConfigured'.
e: file:///D:/android_2025/MarketMonitor_rev2/app/src/test/java/com/etfmonitor/core/network/ai/ApiKeyProviderKisTest.kt:145:41 Unresolved reference 'isKisApiConfigured'.
e: file:///D:/android_2025/MarketMonitor_rev2/app/src/test/java/com/etfmonitor/core/network/ai/ApiKeyProviderKisTest.kt:155:13 Cannot infer type for this parameter. Please specify it explicitly.
e: file:///D:/android_2025/MarketMonitor_rev2/app/src/test/java/com/etfmonitor/core/network/ai/ApiKeyProviderKisTest.kt:155:36 Unresolved reference 'getKisAppKey'.
e: file:///D:/android_2025/MarketMonitor_rev2/app/src/test/java/com/etfmonitor/core/network/ai/ApiKeyProviderKisTest.kt:156:13 Cannot infer type for this parameter. Please specify it explicitly.
e: file:///D:/android_2025/MarketMonitor_rev2/app/src/test/java/com/etfmonitor/core/network/ai/ApiKeyProviderKisTest.kt:156:36 Unresolved reference 'getKisAppSecret'.
e: file:///D:/android_2025/MarketMonitor_rev2/app/src/test/java/com/etfmonitor/core/network/ai/ApiKeyProviderKisTest.kt:157:13 Cannot infer type for this parameter. Please specify it explicitly.
e: file:///D:/android_2025/MarketMonitor_rev2/app/src/test/java/com/etfmonitor/core/network/ai/ApiKeyProviderKisTest.kt:157:36 Unresolved reference 'isKisApiConfigured'.
e: file:///D:/android_2025/MarketMonitor_rev2/app/src/test/java/com/etfmonitor/core/network/ai/ApiKeyProviderKisTest.kt:160:41 Unresolved reference 'isKisApiConfigured'.
e: file:///D:/android_2025/MarketMonitor_rev2/app/src/test/java/com/etfmonitor/core/network/ai/ApiKeyProviderKisTest.kt:170:13 Cannot infer type for this parameter. Please specify it explicitly.
e: file:///D:/android_2025/MarketMonitor_rev2/app/src/test/java/com/etfmonitor/core/network/ai/ApiKeyProviderKisTest.kt:170:36 Unresolved reference 'getKisAppKey'.
e: file:///D:/android_2025/MarketMonitor_rev2/app/src/test/java/com/etfmonitor/core/network/ai/ApiKeyProviderKisTest.kt:171:13 Cannot infer type for this parameter. Please specify it explicitly.
e: file:///D:/android_2025/MarketMonitor_rev2/app/src/test/java/com/etfmonitor/core/network/ai/ApiKeyProviderKisTest.kt:171:36 Unresolved reference 'getKisAppSecret'.
e: file:///D:/android_2025/MarketMonitor_rev2/app/src/test/java/com/etfmonitor/core/network/ai/ApiKeyProviderKisTest.kt:172:13 Cannot infer type for this parameter. Please specify it explicitly.
e: file:///D:/android_2025/MarketMonitor_rev2/app/src/test/java/com/etfmonitor/core/network/ai/ApiKeyProviderKisTest.kt:172:36 Unresolved reference 'isKisApiConfigured'.
e: file:///D:/android_2025/MarketMonitor_rev2/app/src/test/java/com/etfmonitor/core/network/ai/ApiKeyProviderKisTest.kt:175:41 Unresolved reference 'isKisApiConfigured'.
e: file:///D:/android_2025/MarketMonitor_rev2/app/src/test/java/com/etfmonitor/core/network/ai/ApiKeyProviderKisTest.kt:191:13 Cannot infer type for this parameter. Please specify it explicitly.
e: file:///D:/android_2025/MarketMonitor_rev2/app/src/test/java/com/etfmonitor/core/network/ai/ApiKeyProviderKisTest.kt:191:36 Unresolved reference 'getKisAccountNumber'.
e: file:///D:/android_2025/MarketMonitor_rev2/app/src/test/java/com/etfmonitor/core/network/ai/ApiKeyProviderKisTest.kt:194:28 Unresolved reference 'setKisAccountNumber'.
e: file:///D:/android_2025/MarketMonitor_rev2/app/src/test/java/com/etfmonitor/core/network/ai/ApiKeyProviderKisTest.kt:195:41 Unresolved reference 'getKisAccountNumber'.
e: file:///D:/android_2025/MarketMonitor_rev2/app/src/test/java/com/etfmonitor/core/network/ai/ApiKeyProviderKisTest.kt:199:37 Unresolved reference 'setKisAccountNumber'.
e: file:///D:/android_2025/MarketMonitor_rev2/app/src/test/java/com/etfmonitor/core/network/ai/ApiKeyProviderKisTest.kt:206:13 Cannot infer type for this parameter. Please specify it explicitly.
e: file:///D:/android_2025/MarketMonitor_rev2/app/src/test/java/com/etfmonitor/core/network/ai/ApiKeyProviderKisTest.kt:206:36 Unresolved reference 'getKisAccountNumber'.
e: file:///D:/android_2025/MarketMonitor_rev2/app/src/test/java/com/etfmonitor/core/network/ai/ApiKeyProviderKisTest.kt:209:41 Unresolved reference 'getKisAccountNumber'.
e: file:///D:/android_2025/MarketMonitor_rev2/app/src/test/java/com/etfmonitor/core/network/ai/ApiKeyProviderKisTest.kt:224:13 Cannot infer type for this parameter. Please specify it explicitly.
e: file:///D:/android_2025/MarketMonitor_rev2/app/src/test/java/com/etfmonitor/core/network/ai/ApiKeyProviderKisTest.kt:224:36 Unresolved reference 'isKisVirtualMode'.
e: file:///D:/android_2025/MarketMonitor_rev2/app/src/test/java/com/etfmonitor/core/network/ai/ApiKeyProviderKisTest.kt:227:28 Unresolved reference 'setKisVirtualMode'.
e: file:///D:/android_2025/MarketMonitor_rev2/app/src/test/java/com/etfmonitor/core/network/ai/ApiKeyProviderKisTest.kt:228:41 Unresolved reference 'isKisVirtualMode'.
e: file:///D:/android_2025/MarketMonitor_rev2/app/src/test/java/com/etfmonitor/core/network/ai/ApiKeyProviderKisTest.kt:232:37 Unresolved reference 'setKisVirtualMode'.
e: file:///D:/android_2025/MarketMonitor_rev2/app/src/test/java/com/etfmonitor/core/network/ai/ApiKeyProviderKisTest.kt:239:13 Cannot infer type for this parameter. Please specify it explicitly.
e: file:///D:/android_2025/MarketMonitor_rev2/app/src/test/java/com/etfmonitor/core/network/ai/ApiKeyProviderKisTest.kt:239:36 Unresolved reference 'isKisVirtualMode'.
e: file:///D:/android_2025/MarketMonitor_rev2/app/src/test/java/com/etfmonitor/core/network/ai/ApiKeyProviderKisTest.kt:242:28 Unresolved reference 'setKisVirtualMode'.
e: file:///D:/android_2025/MarketMonitor_rev2/app/src/test/java/com/etfmonitor/core/network/ai/ApiKeyProviderKisTest.kt:243:41 Unresolved reference 'isKisVirtualMode'.
e: file:///D:/android_2025/MarketMonitor_rev2/app/src/test/java/com/etfmonitor/core/network/ai/ApiKeyProviderKisTest.kt:247:37 Unresolved reference 'setKisVirtualMode'.
e: file:///D:/android_2025/MarketMonitor_rev2/app/src/test/java/com/etfmonitor/core/network/ai/ApiKeyProviderKisTest.kt:254:13 Cannot infer type for this parameter. Please specify it explicitly.
e: file:///D:/android_2025/MarketMonitor_rev2/app/src/test/java/com/etfmonitor/core/network/ai/ApiKeyProviderKisTest.kt:254:36 Unresolved reference 'isKisVirtualMode'.
e: file:///D:/android_2025/MarketMonitor_rev2/app/src/test/java/com/etfmonitor/core/network/ai/ApiKeyProviderKisTest.kt:257:41 Unresolved reference 'isKisVirtualMode'.
e: file:///D:/android_2025/MarketMonitor_rev2/app/src/test/java/com/etfmonitor/core/network/ai/ApiKeyProviderKisTest.kt:272:13 Cannot infer type for this parameter. Please specify it explicitly.
e: file:///D:/android_2025/MarketMonitor_rev2/app/src/test/java/com/etfmonitor/core/network/ai/ApiKeyProviderKisTest.kt:272:36 Unresolved reference 'getKisAppKey'.
e: file:///D:/android_2025/MarketMonitor_rev2/app/src/test/java/com/etfmonitor/core/network/ai/ApiKeyProviderKisTest.kt:273:13 Cannot infer type for this parameter. Please specify it explicitly.
e: file:///D:/android_2025/MarketMonitor_rev2/app/src/test/java/com/etfmonitor/core/network/ai/ApiKeyProviderKisTest.kt:273:36 Unresolved reference 'getKisAppSecret'.
e: file:///D:/android_2025/MarketMonitor_rev2/app/src/test/java/com/etfmonitor/core/network/ai/ApiKeyProviderKisTest.kt:274:13 Cannot infer type for this parameter. Please specify it explicitly.
e: file:///D:/android_2025/MarketMonitor_rev2/app/src/test/java/com/etfmonitor/core/network/ai/ApiKeyProviderKisTest.kt:274:36 Unresolved reference 'getKisAccountNumber'.
e: file:///D:/android_2025/MarketMonitor_rev2/app/src/test/java/com/etfmonitor/core/network/ai/ApiKeyProviderKisTest.kt:275:13 Cannot infer type for this parameter. Please specify it explicitly.
e: file:///D:/android_2025/MarketMonitor_rev2/app/src/test/java/com/etfmonitor/core/network/ai/ApiKeyProviderKisTest.kt:275:36 Unresolved reference 'isKisVirtualMode'.
e: file:///D:/android_2025/MarketMonitor_rev2/app/src/test/java/com/etfmonitor/core/network/ai/ApiKeyProviderKisTest.kt:278:28 Unresolved reference 'removeKisCredentials'.
e: file:///D:/android_2025/MarketMonitor_rev2/app/src/test/java/com/etfmonitor/core/network/ai/ApiKeyProviderKisTest.kt:281:37 Unresolved reference 'removeKisCredentials'.
e: file:///D:/android_2025/MarketMonitor_rev2/app/src/test/java/com/etfmonitor/core/network/ai/ApiKeyProviderKisTest.kt:282:39 Unresolved reference 'getKisAppKey'.
e: file:///D:/android_2025/MarketMonitor_rev2/app/src/test/java/com/etfmonitor/core/network/ai/ApiKeyProviderKisTest.kt:283:39 Unresolved reference 'getKisAppSecret'.
e: file:///D:/android_2025/MarketMonitor_rev2/app/src/test/java/com/etfmonitor/core/network/ai/ApiKeyProviderKisTest.kt:284:39 Unresolved reference 'getKisAccountNumber'.
e: file:///D:/android_2025/MarketMonitor_rev2/app/src/test/java/com/etfmonitor/core/network/ai/ApiKeyProviderKisTest.kt:291:13 Cannot infer type for this parameter. Please specify it explicitly.
e: file:///D:/android_2025/MarketMonitor_rev2/app/src/test/java/com/etfmonitor/core/network/ai/ApiKeyProviderKisTest.kt:291:36 Unresolved reference 'isKisApiConfigured'.
e: file:///D:/android_2025/MarketMonitor_rev2/app/src/test/java/com/etfmonitor/core/network/ai/ApiKeyProviderKisTest.kt:294:28 Unresolved reference 'removeKisCredentials'.
e: file:///D:/android_2025/MarketMonitor_rev2/app/src/test/java/com/etfmonitor/core/network/ai/ApiKeyProviderKisTest.kt:297:40 Unresolved reference 'isKisApiConfigured'.
e: file:///D:/android_2025/MarketMonitor_rev2/app/src/test/java/com/etfmonitor/core/network/ai/ApiKeyProviderKisTest.kt:310:13 Cannot infer type for this parameter. Please specify it explicitly.
e: file:///D:/android_2025/MarketMonitor_rev2/app/src/test/java/com/etfmonitor/core/network/ai/ApiKeyProviderKisTest.kt:310:36 Unresolved reference 'getKisAppKey'.
e: file:///D:/android_2025/MarketMonitor_rev2/app/src/test/java/com/etfmonitor/core/network/ai/ApiKeyProviderKisTest.kt:313:41 Unresolved reference 'getKisAppKey'.
e: file:///D:/android_2025/MarketMonitor_rev2/app/src/test/java/com/etfmonitor/core/network/ai/ApiKeyProviderKisTest.kt:324:13 Cannot infer type for this parameter. Please specify it explicitly.
e: file:///D:/android_2025/MarketMonitor_rev2/app/src/test/java/com/etfmonitor/core/network/ai/ApiKeyProviderKisTest.kt:324:36 Unresolved reference 'getKisAccountNumber'.
e: file:///D:/android_2025/MarketMonitor_rev2/app/src/test/java/com/etfmonitor/core/network/ai/ApiKeyProviderKisTest.kt:327:41 Unresolved reference 'getKisAccountNumber'.
e: file:///D:/android_2025/MarketMonitor_rev2/app/src/test/java/com/etfmonitor/feature/etf/data/repository/EtfRepositoryImplTest.kt:67:13 No value passed for parameter 'getKrxEtfHoldingsUseCase'.
e: file:///D:/android_2025/MarketMonitor_rev2/app/src/test/java/com/etfmonitor/feature/etf/data/repository/EtfRepositoryImplTest.kt:67:13 No value passed for parameter 'getKrxEtfListUseCase'.
e: file:///D:/android_2025/MarketMonitor_rev2/app/src/test/java/com/etfmonitor/feature/home/presentation/HomeViewModelTest.kt:221:81 Unresolved reference 'DataStatus'.
e: file:///D:/android_2025/MarketMonitor_rev2/app/src/test/java/com/etfmonitor/feature/home/presentation/HomeViewModelTest.kt:283:81 Unresolved reference 'DataStatus'.
e: file:///D:/android_2025/MarketMonitor_rev2/app/src/test/java/com/etfmonitor/feature/settings/presentation/SettingsViewModelKisTest.kt:8:40 Unresolved reference 'domain'.
e: file:///D:/android_2025/MarketMonitor_rev2/app/src/test/java/com/etfmonitor/feature/settings/presentation/SettingsViewModelKisTest.kt:40:46 Unresolved reference 'SettingsRepository'.
e: file:///D:/android_2025/MarketMonitor_rev2/app/src/test/java/com/etfmonitor/feature/settings/presentation/SettingsViewModelKisTest.kt:47:30 Cannot infer type for this parameter. Please specify it explicitly.
e: file:///D:/android_2025/MarketMonitor_rev2/app/src/test/java/com/etfmonitor/feature/settings/presentation/SettingsViewModelKisTest.kt:47:30 Not enough information to infer type argument for 'T'.
e: file:///D:/android_2025/MarketMonitor_rev2/app/src/test/java/com/etfmonitor/feature/settings/presentation/SettingsViewModelKisTest.kt:53:9 Cannot infer type for this parameter. Please specify it explicitly.
e: file:///D:/android_2025/MarketMonitor_rev2/app/src/test/java/com/etfmonitor/feature/settings/presentation/SettingsViewModelKisTest.kt:53:32 Unresolved reference 'isKisApiConfigured'.
e: file:///D:/android_2025/MarketMonitor_rev2/app/src/test/java/com/etfmonitor/feature/settings/presentation/SettingsViewModelKisTest.kt:54:9 Cannot infer type for this parameter. Please specify it explicitly.
e: file:///D:/android_2025/MarketMonitor_rev2/app/src/test/java/com/etfmonitor/feature/settings/presentation/SettingsViewModelKisTest.kt:54:32 Unresolved reference 'getKisAccountNumber'.
e: file:///D:/android_2025/MarketMonitor_rev2/app/src/test/java/com/etfmonitor/feature/settings/presentation/SettingsViewModelKisTest.kt:55:9 Cannot infer type for this parameter. Please specify it explicitly.
e: file:///D:/android_2025/MarketMonitor_rev2/app/src/test/java/com/etfmonitor/feature/settings/presentation/SettingsViewModelKisTest.kt:55:32 Unresolved reference 'isKisVirtualMode'.
e: file:///D:/android_2025/MarketMonitor_rev2/app/src/test/java/com/etfmonitor/feature/settings/presentation/SettingsViewModelKisTest.kt:70:28 Unresolved reference 'setKisAppKey'.
e: file:///D:/android_2025/MarketMonitor_rev2/app/src/test/java/com/etfmonitor/feature/settings/presentation/SettingsViewModelKisTest.kt:73:37 Unresolved reference 'setKisAppKey'.
e: file:///D:/android_2025/MarketMonitor_rev2/app/src/test/java/com/etfmonitor/feature/settings/presentation/SettingsViewModelKisTest.kt:86:50 Unresolved reference 'setKisAppKey'.
e: file:///D:/android_2025/MarketMonitor_rev2/app/src/test/java/com/etfmonitor/feature/settings/presentation/SettingsViewModelKisTest.kt:101:28 Unresolved reference 'setKisAppSecret'.
e: file:///D:/android_2025/MarketMonitor_rev2/app/src/test/java/com/etfmonitor/feature/settings/presentation/SettingsViewModelKisTest.kt:104:37 Unresolved reference 'setKisAppSecret'.
e: file:///D:/android_2025/MarketMonitor_rev2/app/src/test/java/com/etfmonitor/feature/settings/presentation/SettingsViewModelKisTest.kt:121:28 Unresolved reference 'setKisAppKey'.
e: file:///D:/android_2025/MarketMonitor_rev2/app/src/test/java/com/etfmonitor/feature/settings/presentation/SettingsViewModelKisTest.kt:122:28 Unresolved reference 'setKisAppSecret'.
e: file:///D:/android_2025/MarketMonitor_rev2/app/src/test/java/com/etfmonitor/feature/settings/presentation/SettingsViewModelKisTest.kt:123:28 Unresolved reference 'setKisAccountNumber'.
e: file:///D:/android_2025/MarketMonitor_rev2/app/src/test/java/com/etfmonitor/feature/settings/presentation/SettingsViewModelKisTest.kt:126:37 Unresolved reference 'setKisAppKey'.
e: file:///D:/android_2025/MarketMonitor_rev2/app/src/test/java/com/etfmonitor/feature/settings/presentation/SettingsViewModelKisTest.kt:127:37 Unresolved reference 'setKisAppSecret'.
e: file:///D:/android_2025/MarketMonitor_rev2/app/src/test/java/com/etfmonitor/feature/settings/presentation/SettingsViewModelKisTest.kt:128:37 Unresolved reference 'setKisAccountNumber'.
e: file:///D:/android_2025/MarketMonitor_rev2/app/src/test/java/com/etfmonitor/feature/settings/presentation/SettingsViewModelKisTest.kt:135:13 Cannot infer type for this parameter. Please specify it explicitly.
e: file:///D:/android_2025/MarketMonitor_rev2/app/src/test/java/com/etfmonitor/feature/settings/presentation/SettingsViewModelKisTest.kt:135:36 Unresolved reference 'isKisApiConfigured'.
e: file:///D:/android_2025/MarketMonitor_rev2/app/src/test/java/com/etfmonitor/feature/settings/presentation/SettingsViewModelKisTest.kt:138:28 Unresolved reference 'removeKisCredentials'.
e: file:///D:/android_2025/MarketMonitor_rev2/app/src/test/java/com/etfmonitor/feature/settings/presentation/SettingsViewModelKisTest.kt:141:37 Unresolved reference 'removeKisCredentials'.
e: file:///D:/android_2025/MarketMonitor_rev2/app/src/test/java/com/etfmonitor/feature/settings/presentation/SettingsViewModelKisTest.kt:142:40 Unresolved reference 'isKisApiConfigured'.
e: file:///D:/android_2025/MarketMonitor_rev2/app/src/test/java/com/etfmonitor/feature/settings/presentation/SettingsViewModelKisTest.kt:156:13 Cannot infer type for this parameter. Please specify it explicitly.
e: file:///D:/android_2025/MarketMonitor_rev2/app/src/test/java/com/etfmonitor/feature/settings/presentation/SettingsViewModelKisTest.kt:156:36 Unresolved reference 'getKisAppKey'.
e: file:///D:/android_2025/MarketMonitor_rev2/app/src/test/java/com/etfmonitor/feature/settings/presentation/SettingsViewModelKisTest.kt:157:13 Cannot infer type for this parameter. Please specify it explicitly.
e: file:///D:/android_2025/MarketMonitor_rev2/app/src/test/java/com/etfmonitor/feature/settings/presentation/SettingsViewModelKisTest.kt:157:36 Unresolved reference 'getKisAppSecret'.
e: file:///D:/android_2025/MarketMonitor_rev2/app/src/test/java/com/etfmonitor/feature/settings/presentation/SettingsViewModelKisTest.kt:158:13 Cannot infer type for this parameter. Please specify it explicitly.
e: file:///D:/android_2025/MarketMonitor_rev2/app/src/test/java/com/etfmonitor/feature/settings/presentation/SettingsViewModelKisTest.kt:158:35 Unresolved reference 'initializeKisClient'.
e: file:///D:/android_2025/MarketMonitor_rev2/app/src/test/java/com/etfmonitor/feature/settings/presentation/SettingsViewModelKisTest.kt:159:13 Cannot infer type for this parameter. Please specify it explicitly.
e: file:///D:/android_2025/MarketMonitor_rev2/app/src/test/java/com/etfmonitor/feature/settings/presentation/SettingsViewModelKisTest.kt:159:35 Unresolved reference 'testKisApiConnection'.
e: file:///D:/android_2025/MarketMonitor_rev2/app/src/test/java/com/etfmonitor/feature/settings/presentation/SettingsViewModelKisTest.kt:162:42 Unresolved reference 'initializeKisClient'.
e: file:///D:/android_2025/MarketMonitor_rev2/app/src/test/java/com/etfmonitor/feature/settings/presentation/SettingsViewModelKisTest.kt:163:42 Unresolved reference 'testKisApiConnection'.
e: file:///D:/android_2025/MarketMonitor_rev2/app/src/test/java/com/etfmonitor/feature/settings/presentation/SettingsViewModelKisTest.kt:168:36 Unresolved reference 'initializeKisClient'.
e: file:///D:/android_2025/MarketMonitor_rev2/app/src/test/java/com/etfmonitor/feature/settings/presentation/SettingsViewModelKisTest.kt:169:36 Unresolved reference 'testKisApiConnection'.
e: file:///D:/android_2025/MarketMonitor_rev2/app/src/test/java/com/etfmonitor/feature/settings/presentation/SettingsViewModelKisTest.kt:178:13 Cannot infer type for this parameter. Please specify it explicitly.
e: file:///D:/android_2025/MarketMonitor_rev2/app/src/test/java/com/etfmonitor/feature/settings/presentation/SettingsViewModelKisTest.kt:178:36 Unresolved reference 'getKisAppKey'.
e: file:///D:/android_2025/MarketMonitor_rev2/app/src/test/java/com/etfmonitor/feature/settings/presentation/SettingsViewModelKisTest.kt:179:13 Cannot infer type for this parameter. Please specify it explicitly.
e: file:///D:/android_2025/MarketMonitor_rev2/app/src/test/java/com/etfmonitor/feature/settings/presentation/SettingsViewModelKisTest.kt:179:36 Unresolved reference 'getKisAppSecret'.
e: file:///D:/android_2025/MarketMonitor_rev2/app/src/test/java/com/etfmonitor/feature/settings/presentation/SettingsViewModelKisTest.kt:180:13 Cannot infer type for this parameter. Please specify it explicitly.
e: file:///D:/android_2025/MarketMonitor_rev2/app/src/test/java/com/etfmonitor/feature/settings/presentation/SettingsViewModelKisTest.kt:180:35 Unresolved reference 'initializeKisClient'.
e: file:///D:/android_2025/MarketMonitor_rev2/app/src/test/java/com/etfmonitor/feature/settings/presentation/SettingsViewModelKisTest.kt:183:42 Unresolved reference 'initializeKisClient'.
e: file:///D:/android_2025/MarketMonitor_rev2/app/src/test/java/com/etfmonitor/feature/settings/presentation/SettingsViewModelKisTest.kt:195:13 Cannot infer type for this parameter. Please specify it explicitly.
e: file:///D:/android_2025/MarketMonitor_rev2/app/src/test/java/com/etfmonitor/feature/settings/presentation/SettingsViewModelKisTest.kt:195:36 Unresolved reference 'getKisAppKey'.
e: file:///D:/android_2025/MarketMonitor_rev2/app/src/test/java/com/etfmonitor/feature/settings/presentation/SettingsViewModelKisTest.kt:196:13 Cannot infer type for this parameter. Please specify it explicitly.
e: file:///D:/android_2025/MarketMonitor_rev2/app/src/test/java/com/etfmonitor/feature/settings/presentation/SettingsViewModelKisTest.kt:196:36 Unresolved reference 'getKisAppSecret'.
e: file:///D:/android_2025/MarketMonitor_rev2/app/src/test/java/com/etfmonitor/feature/settings/presentation/SettingsViewModelKisTest.kt:197:13 Cannot infer type for this parameter. Please specify it explicitly.
e: file:///D:/android_2025/MarketMonitor_rev2/app/src/test/java/com/etfmonitor/feature/settings/presentation/SettingsViewModelKisTest.kt:197:35 Unresolved reference 'initializeKisClient'.
e: file:///D:/android_2025/MarketMonitor_rev2/app/src/test/java/com/etfmonitor/feature/settings/presentation/SettingsViewModelKisTest.kt:198:13 Cannot infer type for this parameter. Please specify it explicitly.
e: file:///D:/android_2025/MarketMonitor_rev2/app/src/test/java/com/etfmonitor/feature/settings/presentation/SettingsViewModelKisTest.kt:198:35 Unresolved reference 'testKisApiConnection'.
e: file:///D:/android_2025/MarketMonitor_rev2/app/src/test/java/com/etfmonitor/feature/settings/presentation/SettingsViewModelKisTest.kt:201:42 Unresolved reference 'initializeKisClient'.
e: file:///D:/android_2025/MarketMonitor_rev2/app/src/test/java/com/etfmonitor/feature/settings/presentation/SettingsViewModelKisTest.kt:202:42 Unresolved reference 'testKisApiConnection'.
e: file:///D:/android_2025/MarketMonitor_rev2/app/src/test/java/com/etfmonitor/feature/settings/presentation/SettingsViewModelKisTest.kt:213:13 Cannot infer type for this parameter. Please specify it explicitly.
e: file:///D:/android_2025/MarketMonitor_rev2/app/src/test/java/com/etfmonitor/feature/settings/presentation/SettingsViewModelKisTest.kt:213:36 Unresolved reference 'getKisAppKey'.
e: file:///D:/android_2025/MarketMonitor_rev2/app/src/test/java/com/etfmonitor/feature/settings/presentation/SettingsViewModelKisTest.kt:214:13 Cannot infer type for this parameter. Please specify it explicitly.
e: file:///D:/android_2025/MarketMonitor_rev2/app/src/test/java/com/etfmonitor/feature/settings/presentation/SettingsViewModelKisTest.kt:214:36 Unresolved reference 'getKisAppSecret'.
e: file:///D:/android_2025/MarketMonitor_rev2/app/src/test/java/com/etfmonitor/feature/settings/presentation/SettingsViewModelKisTest.kt:215:13 Cannot infer type for this parameter. Please specify it explicitly.
e: file:///D:/android_2025/MarketMonitor_rev2/app/src/test/java/com/etfmonitor/feature/settings/presentation/SettingsViewModelKisTest.kt:215:36 Unresolved reference 'isKisApiConfigured'.
e: file:///D:/android_2025/MarketMonitor_rev2/app/src/test/java/com/etfmonitor/feature/settings/presentation/SettingsViewModelKisTest.kt:218:47 Unresolved reference 'isKisApiConfigured'.
e: file:///D:/android_2025/MarketMonitor_rev2/app/src/test/java/com/etfmonitor/feature/settings/presentation/SettingsViewModelKisTest.kt:235:13 Cannot infer type for this parameter. Please specify it explicitly.
e: file:///D:/android_2025/MarketMonitor_rev2/app/src/test/java/com/etfmonitor/feature/settings/presentation/SettingsViewModelKisTest.kt:235:36 Unresolved reference 'isKisApiConfigured'.
e: file:///D:/android_2025/MarketMonitor_rev2/app/src/test/java/com/etfmonitor/feature/settings/presentation/SettingsViewModelKisTest.kt:236:13 Cannot infer type for this parameter. Please specify it explicitly.
e: file:///D:/android_2025/MarketMonitor_rev2/app/src/test/java/com/etfmonitor/feature/settings/presentation/SettingsViewModelKisTest.kt:236:36 Unresolved reference 'getKisAppKey'.
e: file:///D:/android_2025/MarketMonitor_rev2/app/src/test/java/com/etfmonitor/feature/settings/presentation/SettingsViewModelKisTest.kt:237:13 Cannot infer type for this parameter. Please specify it explicitly.
e: file:///D:/android_2025/MarketMonitor_rev2/app/src/test/java/com/etfmonitor/feature/settings/presentation/SettingsViewModelKisTest.kt:237:36 Unresolved reference 'getKisAppSecret'.
e: file:///D:/android_2025/MarketMonitor_rev2/app/src/test/java/com/etfmonitor/feature/settings/presentation/SettingsViewModelKisTest.kt:238:13 Cannot infer type for this parameter. Please specify it explicitly.
e: file:///D:/android_2025/MarketMonitor_rev2/app/src/test/java/com/etfmonitor/feature/settings/presentation/SettingsViewModelKisTest.kt:238:35 Unresolved reference 'initializeKisClient'.
e: file:///D:/android_2025/MarketMonitor_rev2/app/src/test/java/com/etfmonitor/feature/settings/presentation/SettingsViewModelKisTest.kt:241:51 Unresolved reference 'isKisApiConfigured'.
e: file:///D:/android_2025/MarketMonitor_rev2/app/src/test/java/com/etfmonitor/feature/settings/presentation/SettingsViewModelKisTest.kt:244:42 Unresolved reference 'getKisAppKey'.
e: file:///D:/android_2025/MarketMonitor_rev2/app/src/test/java/com/etfmonitor/feature/settings/presentation/SettingsViewModelKisTest.kt:245:45 Unresolved reference 'getKisAppSecret'.
e: file:///D:/android_2025/MarketMonitor_rev2/app/src/test/java/com/etfmonitor/feature/settings/presentation/SettingsViewModelKisTest.kt:247:46 Unresolved reference 'initializeKisClient'.
e: file:///D:/android_2025/MarketMonitor_rev2/app/src/test/java/com/etfmonitor/feature/settings/presentation/SettingsViewModelKisTest.kt:253:36 Unresolved reference 'initializeKisClient'.
e: file:///D:/android_2025/MarketMonitor_rev2/app/src/test/java/com/etfmonitor/feature/settings/presentation/SettingsViewModelKisTest.kt:260:13 Cannot infer type for this parameter. Please specify it explicitly.
e: file:///D:/android_2025/MarketMonitor_rev2/app/src/test/java/com/etfmonitor/feature/settings/presentation/SettingsViewModelKisTest.kt:260:36 Unresolved reference 'isKisApiConfigured'.
e: file:///D:/android_2025/MarketMonitor_rev2/app/src/test/java/com/etfmonitor/feature/settings/presentation/SettingsViewModelKisTest.kt:263:51 Unresolved reference 'isKisApiConfigured'.
e: file:///D:/android_2025/MarketMonitor_rev2/app/src/test/java/com/etfmonitor/feature/settings/presentation/SettingsViewModelKisTest.kt:267:49 Unresolved reference 'initializeKisClient'.
e: file:///D:/android_2025/MarketMonitor_rev2/app/src/test/java/com/etfmonitor/feature/settings/presentation/SettingsViewModelKisTest.kt:267:69 Cannot infer type for this parameter. Please specify it explicitly.
e: file:///D:/android_2025/MarketMonitor_rev2/app/src/test/java/com/etfmonitor/feature/settings/presentation/SettingsViewModelKisTest.kt:267:76 Cannot infer type for this parameter. Please specify it explicitly.
e: file:///D:/android_2025/MarketMonitor_rev2/app/src/test/java/com/etfmonitor/feature/settings/presentation/SettingsViewModelKisTest.kt:279:13 Cannot infer type for this parameter. Please specify it explicitly.
e: file:///D:/android_2025/MarketMonitor_rev2/app/src/test/java/com/etfmonitor/feature/settings/presentation/SettingsViewModelKisTest.kt:279:36 Unresolved reference 'isKisVirtualMode'.
e: file:///D:/android_2025/MarketMonitor_rev2/app/src/test/java/com/etfmonitor/feature/settings/presentation/SettingsViewModelKisTest.kt:282:28 Unresolved reference 'setKisVirtualMode'.
e: file:///D:/android_2025/MarketMonitor_rev2/app/src/test/java/com/etfmonitor/feature/settings/presentation/SettingsViewModelKisTest.kt:283:41 Unresolved reference 'isKisVirtualMode'.
e: file:///D:/android_2025/MarketMonitor_rev2/app/src/test/java/com/etfmonitor/feature/settings/presentation/SettingsViewModelKisTest.kt:287:37 Unresolved reference 'setKisVirtualMode'.
e: file:///D:/android_2025/MarketMonitor_rev2/app/src/test/java/com/etfmonitor/feature/settings/presentation/SettingsViewModelKisTest.kt:294:13 Cannot infer type for this parameter. Please specify it explicitly.
e: file:///D:/android_2025/MarketMonitor_rev2/app/src/test/java/com/etfmonitor/feature/settings/presentation/SettingsViewModelKisTest.kt:294:36 Unresolved reference 'isKisVirtualMode'.
e: file:///D:/android_2025/MarketMonitor_rev2/app/src/test/java/com/etfmonitor/feature/settings/presentation/SettingsViewModelKisTest.kt:297:28 Unresolved reference 'setKisVirtualMode'.
e: file:///D:/android_2025/MarketMonitor_rev2/app/src/test/java/com/etfmonitor/feature/settings/presentation/SettingsViewModelKisTest.kt:298:41 Unresolved reference 'isKisVirtualMode'.
e: file:///D:/android_2025/MarketMonitor_rev2/app/src/test/java/com/etfmonitor/feature/settings/presentation/SettingsViewModelKisTest.kt:302:37 Unresolved reference 'setKisVirtualMode'.
e: file:///D:/android_2025/MarketMonitor_rev2/app/src/test/java/com/etfmonitor/feature/settings/presentation/SettingsViewModelKisTest.kt:314:13 Cannot infer type for this parameter. Please specify it explicitly.
e: file:///D:/android_2025/MarketMonitor_rev2/app/src/test/java/com/etfmonitor/feature/settings/presentation/SettingsViewModelKisTest.kt:314:36 Unresolved reference 'isKisApiConfigured'.
e: file:///D:/android_2025/MarketMonitor_rev2/app/src/test/java/com/etfmonitor/feature/settings/presentation/SettingsViewModelKisTest.kt:315:40 Unresolved reference 'isKisApiConfigured'.
e: file:///D:/android_2025/MarketMonitor_rev2/app/src/test/java/com/etfmonitor/feature/settings/presentation/SettingsViewModelKisTest.kt:318:13 Cannot infer type for this parameter. Please specify it explicitly.
e: file:///D:/android_2025/MarketMonitor_rev2/app/src/test/java/com/etfmonitor/feature/settings/presentation/SettingsViewModelKisTest.kt:318:36 Unresolved reference 'isKisApiConfigured'.
e: file:///D:/android_2025/MarketMonitor_rev2/app/src/test/java/com/etfmonitor/feature/settings/presentation/SettingsViewModelKisTest.kt:321:39 Unresolved reference 'isKisApiConfigured'.
e: file:///D:/android_2025/MarketMonitor_rev2/app/src/test/java/com/etfmonitor/feature/settings/presentation/SettingsViewModelKisTest.kt:328:13 Cannot infer type for this parameter. Please specify it explicitly.
e: file:///D:/android_2025/MarketMonitor_rev2/app/src/test/java/com/etfmonitor/feature/settings/presentation/SettingsViewModelKisTest.kt:328:36 Unresolved reference 'getKisAccountNumber'.
e: file:///D:/android_2025/MarketMonitor_rev2/app/src/test/java/com/etfmonitor/feature/settings/presentation/SettingsViewModelKisTest.kt:329:47 Unresolved reference 'getKisAccountNumber'.
e: file:///D:/android_2025/MarketMonitor_rev2/app/src/test/java/com/etfmonitor/feature/settings/presentation/SettingsViewModelKisTest.kt:333:13 Cannot infer type for this parameter. Please specify it explicitly.
e: file:///D:/android_2025/MarketMonitor_rev2/app/src/test/java/com/etfmonitor/feature/settings/presentation/SettingsViewModelKisTest.kt:333:36 Unresolved reference 'getKisAccountNumber'.
e: file:///D:/android_2025/MarketMonitor_rev2/app/src/test/java/com/etfmonitor/feature/settings/presentation/SettingsViewModelKisTest.kt:336:56 Unresolved reference 'getKisAccountNumber'.

> Task :app:compileReleaseJavaWithJavac

[Incubating] Problems report is available at: file:///D:/android_2025/MarketMonitor_rev2/build/reports/problems/problems-report.html

FAILURE: Build failed with an exception.

* What went wrong:
Execution failed for task ':app:compileDebugUnitTestKotlin'.
> A failure occurred while executing org.jetbrains.kotlin.compilerRunner.GradleCompilerRunnerWithWorkers$GradleKotlinCompilerWorkAction
   > Compilation error. See log for more details

* Try:
> Run with --stacktrace option to get the stack trace.
> Run with --info or --debug option to get more log output.
> Run with --scan to get full insights.
> Get more help at https://help.gradle.org.

Deprecated Gradle features were used in this build, making it incompatible with Gradle 9.0.

You can use '--warning-mode all' to show the individual deprecation warnings and determine if they come from your own scripts or plugins.

For more on this, please refer to https://docs.gradle.org/8.13/userguide/command_line_interface.html#sec:command_line_warnings in the Gradle documentation.

BUILD FAILED in 16s
58 actionable tasks: 3 executed, 55 up-to-date
